IP Upgrade report for Nios_Sys_2A
Tue Jul 02 13:38:42 2024
Quartus Prime Version 18.1.0 Build 625 09/12/2018 SJ Lite Edition


---------------------
; Table of Contents ;
---------------------
  1. Legal Notice
  2. IP Upgrade Summary
  3. Failed Upgrade IP Components
  4. IP Upgrade Messages



----------------
; Legal Notice ;
----------------
Copyright (C) 2018  Intel Corporation. All rights reserved.
Your use of Intel Corporation's design tools, logic functions 
and other software and tools, and its AMPP partner logic 
functions, and any output files from any of the foregoing 
(including device programming or simulation files), and any 
associated documentation or information are expressly subject 
to the terms and conditions of the Intel Program License 
Subscription Agreement, the Intel Quartus Prime License Agreement,
the Intel FPGA IP License Agreement, or other applicable license
agreement, including, without limitation, that your use is for
the sole purpose of programming logic devices manufactured by
Intel and sold by Intel or its authorized distributors.  Please
refer to the applicable agreement for further details.



+----------------------------------------------------------------------------+
; IP Upgrade Summary                                                         ;
+------------------------------+---------------------------------------------+
; IP Components Upgrade Status ; Failed - Tue Jul 02 13:38:42 2024           ;
; Quartus Prime Version        ; 18.1.0 Build 625 09/12/2018 SJ Lite Edition ;
; Revision Name                ; Nios_Sys_2A                                 ;
; Top-level Entity Name        ; Nios_Sys_2A                                 ;
; Family                       ; Cyclone V                                   ;
+------------------------------+---------------------------------------------+


+-----------------------------------------------------------------------------------------------------------------------------------------------------------------+
; Failed Upgrade IP Components                                                                                                                                    ;
+--------------+---------------------+---------+----------------------+----------------------+-----------------+--------------------------------------------------+
; Entity Name  ; Component Name      ; Version ; Original Source File ; Generation File Path ; New Source File ; Message                                          ;
+--------------+---------------------+---------+----------------------+----------------------+-----------------+--------------------------------------------------+
; PLL          ; altera_pll          ; 18.0    ; PLL.qip              ; PLL.vhd              ;                 ; Error upgrading IP component "PLL.vhd".          ;
; PLL_Reconfig ; altera_pll_reconfig ; 18.0    ; PLL_Reconfig.qip     ; PLL_Reconfig.vhd     ;                 ; Error upgrading IP component "PLL_Reconfig.vhd". ;
+--------------+---------------------+---------+----------------------+----------------------+-----------------+--------------------------------------------------+


+---------------------+
; IP Upgrade Messages ;
+---------------------+
Info (11902): Backing up file "PLL.vhd" to "PLL.BAK.vhd"
Info (11837): Started upgrading IP component altera_pll with file "PLL.vhd"
Info (11904): Restoring file "PLL.BAK.vhd" to "PLL.vhd"
Error (14921): Error upgrading IP component "PLL.vhd".
Info (11902): Backing up file "PLL_Reconfig.vhd" to "PLL_Reconfig.BAK.vhd"
Info (11837): Started upgrading IP component altera_pll_reconfig with file "PLL_Reconfig.vhd"
Info (11904): Restoring file "PLL_Reconfig.BAK.vhd" to "PLL_Reconfig.vhd"
Error (14921): Error upgrading IP component "PLL_Reconfig.vhd".
Error (11133): IP component altera_pll with file "PLL.vhd" upgrade failed
Error (11889): IP component upgrade failed
Error (11133): IP component altera_pll_reconfig with file "PLL_Reconfig.vhd" upgrade failed
Error (11889): IP component upgrade failed
Error (23031): Evaluation of Tcl script c:/intelfpga_lite/18.1/quartus/common/tcl/internal/ip_regen/ip_regen.tcl unsuccessful
Error: Quartus Prime Shell was unsuccessful. 7 errors, 0 warnings
    Error: Peak virtual memory: 4856 megabytes
    Error: Processing ended: Tue Jul 02 13:38:42 2024
    Error: Elapsed time: 00:00:08
    Error: Total CPU time (on all processors): 00:00:07


